   1                             	r8	=	0xffef0
   2                             	r16	=	0xffee8
   3                             	r24	=	0xffee0
   4                             	r9	=	0xffef1
   5                             	r17	=	0xffee9
   6                             	r25	=	0xffee1
   7                             	r10	=	0xffef2
   8                             	r18	=	0xffeea
   9                             	r26	=	0xffee2
  10                             	r11	=	0xffef3
  11                             	r19	=	0xffeeb
  12                             	r27	=	0xffee3
  13                             	r12	=	0xffef4
  14                             	r20	=	0xffeec
  15                             	r28	=	0xffee4
  16                             	r13	=	0xffef5
  17                             	r21	=	0xffeed
  18                             	r29	=	0xffee5
  19                             	r14	=	0xffef6
  20                             	r22	=	0xffeee
  21                             	r30	=	0xffee6
  22                             	r15	=	0xffef7
  23                             	r23	=	0xffeef
  24                             	r31	=	0xffee7
  25                             	MDUC	=	0xf00e8
  26                             	MDAL	=	0xffff0
  27                             	MDAH	=	0xffff2
  28                             	MDBL	=	0xffff6
  29                             	MDBH	=	0xffff4
  30                             	MDCL	=	0xf00e0
  31                             	MDCH	=	0xf00e2
  32                             	.text
  33                             	.Ltext0:
  34                             		.section	.text.HardwareSetup,"ax",@progbits
  35                             		.global	_HardwareSetup
  37                             	_HardwareSetup:
  38                             	.LFB0:
  39                             		.file 1 "../core/hwinit.c"
   1:../core/hwinit.c **** /************************************************************************/
   2:../core/hwinit.c **** /*    File Version: V1.00                                               */
   3:../core/hwinit.c **** /*    Date Generated: 10/09/2013                                        */
   4:../core/hwinit.c **** /************************************************************************/
   5:../core/hwinit.c **** 
   6:../core/hwinit.c **** #ifdef __cplusplus
   7:../core/hwinit.c **** extern "C" {
   8:../core/hwinit.c **** #endif
   9:../core/hwinit.c **** extern void HardwareSetup(void);
  10:../core/hwinit.c **** #ifdef __cplusplus
  11:../core/hwinit.c **** }
  12:../core/hwinit.c **** #endif
  13:../core/hwinit.c **** void HardwareSetup(void)
  14:../core/hwinit.c **** {
  40                             		.loc 1 14 0
  15:../core/hwinit.c **** 
  16:../core/hwinit.c **** }                                                                   ...
  41                             		.loc 1 16 0
  42 0000 D7                      		ret
  43                             	.LFE0:
  71                             	.Letext0:
