   1                             	r8	=	0xffef0
   2                             	r16	=	0xffee8
   3                             	r24	=	0xffee0
   4                             	r9	=	0xffef1
   5                             	r17	=	0xffee9
   6                             	r25	=	0xffee1
   7                             	r10	=	0xffef2
   8                             	r18	=	0xffeea
   9                             	r26	=	0xffee2
  10                             	r11	=	0xffef3
  11                             	r19	=	0xffeeb
  12                             	r27	=	0xffee3
  13                             	r12	=	0xffef4
  14                             	r20	=	0xffeec
  15                             	r28	=	0xffee4
  16                             	r13	=	0xffef5
  17                             	r21	=	0xffeed
  18                             	r29	=	0xffee5
  19                             	r14	=	0xffef6
  20                             	r22	=	0xffeee
  21                             	r30	=	0xffee6
  22                             	r15	=	0xffef7
  23                             	r23	=	0xffeef
  24                             	r31	=	0xffee7
  25                             	MDUC	=	0xf00e8
  26                             	MDAL	=	0xffff0
  27                             	MDAH	=	0xffff2
  28                             	MDBL	=	0xffff6
  29                             	MDBH	=	0xffff4
  30                             	MDCL	=	0xf00e0
  31                             	MDCH	=	0xf00e2
  32                             	.text
  33                             	.Ltext0:
  34                             		.global	_Option_Bytes
  35                             		.section	.option_bytes,"a",@progbits
  38                             	_Option_Bytes:
  39 0000 00                      		.byte	0
  40 0001 91                      		.byte	-111
  41 0002 ED                      		.byte	-19
  42 0003 84                      		.byte	-124
  43                             		.global	_Security_Id
  44                             		.section	.security_id,"a",@progbits
  47                             	_Security_Id:
  48 0000 00 00 00 00 00 00 00 00 		.zero	10
  48      00 00 
  49                             	.text
  50                             	.Letext0:
  51                             		.file 1 "../core/option.c"
