
Allocating common symbols
Common symbol       size              file

Count               0x4               ./src/RL78_LibDev.o

Discarded input sections

 .text          0x0000000000000000        0x0 ./src/RL78_LibDev.o
 .data          0x0000000000000000        0x0 ./src/RL78_LibDev.o
 .bss           0x0000000000000000        0x0 ./src/RL78_LibDev.o
 .text          0x0000000000000000        0x0 ./core/hwinit.o
 .data          0x0000000000000000        0x0 ./core/hwinit.o
 .bss           0x0000000000000000        0x0 ./core/hwinit.o
 .text          0x0000000000000000        0x0 ./core/inthandler.o
 .data          0x0000000000000000        0x0 ./core/inthandler.o
 .bss           0x0000000000000000        0x0 ./core/inthandler.o
 .text          0x0000000000000000        0x0 ./core/option.o
 .data          0x0000000000000000        0x0 ./core/option.o
 .bss           0x0000000000000000        0x0 ./core/option.o
 .text          0x0000000000000000        0x0 ./core/rl78_clock_sys.o
 .data          0x0000000000000000        0x0 ./core/rl78_clock_sys.o
 .bss           0x0000000000000000        0x0 ./core/rl78_clock_sys.o
 .data          0x0000000000000000        0x0 ./core/start.o
 .bss           0x0000000000000000        0x0 ./core/start.o
 .text          0x0000000000000000        0x0 ./core/vects.o
 .data          0x0000000000000000        0x0 ./core/vects.o
 .bss           0x0000000000000000        0x0 ./core/vects.o

Memory Configuration

Name             Origin             Length             Attributes
VEC              0x0000000000000000 0x0000000000000004
IVEC             0x0000000000000004 0x00000000000000bc
OPT              0x00000000000000c0 0x0000000000000004
SEC_ID           0x00000000000000c4 0x000000000000000a
OCDSTAD          0x00000000000000ce 0x000000000000000a
OCDROM           0x000000000000fe00 0x0000000000000200
ROM              0x00000000000000d8 0x000000000000fd28
MIRROR           0x00000000000f2000 0x000000000000cf00
RAM              0x00000000000fef00 0x0000000000001000
*default*        0x0000000000000000 0xffffffffffffffff

Linker script and memory map

LOAD ./src/RL78_LibDev.o
LOAD ./core/hwinit.o
LOAD ./core/inthandler.o
LOAD ./core/option.o
LOAD ./core/rl78_clock_sys.o
LOAD ./core/start.o
LOAD ./core/vects.o
START GROUP
LOAD c:/programdata/gcc for renesas rl78 4.9.2.202201-gnurl78-elf/rl78-elf/rl78-elf/bin/../lib/gcc/rl78-elf/4.9.2.202201-GNURL78/../../../../rl78-elf/lib/g13\libm.a
LOAD c:/programdata/gcc for renesas rl78 4.9.2.202201-gnurl78-elf/rl78-elf/rl78-elf/bin/../lib/gcc/rl78-elf/4.9.2.202201-GNURL78/../../../../rl78-elf/lib/g13\libc.a
LOAD c:/programdata/gcc for renesas rl78 4.9.2.202201-gnurl78-elf/rl78-elf/rl78-elf/bin/../lib/gcc/rl78-elf/4.9.2.202201-GNURL78/g13\libgcc.a
END GROUP
LOAD c:/programdata/gcc for renesas rl78 4.9.2.202201-gnurl78-elf/rl78-elf/rl78-elf/bin/../lib/gcc/rl78-elf/4.9.2.202201-GNURL78/g13\libgcc.a
START GROUP
LOAD c:/programdata/gcc for renesas rl78 4.9.2.202201-gnurl78-elf/rl78-elf/rl78-elf/bin/../lib/gcc/rl78-elf/4.9.2.202201-GNURL78/../../../../rl78-elf/lib/g13\libc.a
LOAD c:/programdata/gcc for renesas rl78 4.9.2.202201-gnurl78-elf/rl78-elf/rl78-elf/bin/../lib/gcc/rl78-elf/4.9.2.202201-GNURL78/../../../../rl78-elf/lib/g13\libsim.a
END GROUP
LOAD c:/programdata/gcc for renesas rl78 4.9.2.202201-gnurl78-elf/rl78-elf/rl78-elf/bin/../lib/gcc/rl78-elf/4.9.2.202201-GNURL78/g13\libgcc.a

.vec            0x0000000000000000        0x4
 *(.vec)
 .vec           0x0000000000000000        0x4 ./core/vects.o
                0x0000000000000000                HardwareVectors

.vects          0x0000000000000004       0x7c
 *(.vects)
 .vects         0x0000000000000004       0x7c ./core/vects.o
                0x0000000000000004                Vectors

.option_bytes   0x00000000000000c0        0x4
 *(.option_bytes)
 .option_bytes  0x00000000000000c0        0x4 ./core/option.o
                0x00000000000000c0                Option_Bytes

.security_id    0x00000000000000c4        0xa
 *(.security_id)
 .security_id   0x00000000000000c4        0xa ./core/option.o
                0x00000000000000c4                Security_Id

.lowtext        0x00000000000000d8        0x0
 *(.plt)
 .plt           0x00000000000000d8        0x0 ./src/RL78_LibDev.o
 *(.lowtext)
                0x00000000000000d8                . = ALIGN (0x2)

.tors           0x00000000000000d8        0x0
                0x00000000000000d8                __CTOR_LIST__ = .
                0x00000000000000d8                . = ALIGN (0x2)
                0x00000000000000d8                ___ctors = .
 *(.ctors)
                0x00000000000000d8                ___ctors_end = .
                0x00000000000000d8                __CTOR_END__ = .
                0x00000000000000d8                __DTOR_LIST__ = .
                0x00000000000000d8                ___dtors = .
 *(.dtors)
                0x00000000000000d8                ___dtors_end = .
                0x00000000000000d8                __DTOR_END__ = .
                0x00000000000000d8                . = ALIGN (0x2)
                0x00000000000000d8                _mdata = .

.text           0x00000000000000d8      0x61c
 *(.text)
 .text          0x00000000000000d8       0x60 ./core/start.o
                0x00000000000000d8                _rl78_fini
                0x00000000000000da                PowerON_Reset
                0x0000000000000136                exit
 *(.text.*)
 .text.main     0x0000000000000138       0xd5 ./src/RL78_LibDev.o
                0x0000000000000138                main
 .text.HardwareSetup
                0x000000000000020d        0x1 ./core/hwinit.o
                0x000000000000020d                HardwareSetup
 .text.INT_WDTI
                0x000000000000020e       0x12 ./core/inthandler.o
                0x000000000000020e                INT_WDTI
 .text.INT_LVI  0x0000000000000220       0x12 ./core/inthandler.o
                0x0000000000000220                INT_LVI
 .text.INT_P0   0x0000000000000232       0x12 ./core/inthandler.o
                0x0000000000000232                INT_P0
 .text.INT_P1   0x0000000000000244       0x12 ./core/inthandler.o
                0x0000000000000244                INT_P1
 .text.INT_P2   0x0000000000000256       0x12 ./core/inthandler.o
                0x0000000000000256                INT_P2
 .text.INT_P3   0x0000000000000268       0x12 ./core/inthandler.o
                0x0000000000000268                INT_P3
 .text.INT_P4   0x000000000000027a       0x12 ./core/inthandler.o
                0x000000000000027a                INT_P4
 .text.INT_P5   0x000000000000028c       0x12 ./core/inthandler.o
                0x000000000000028c                INT_P5
 .text.INT_ST2  0x000000000000029e       0x12 ./core/inthandler.o
                0x000000000000029e                INT_ST2
 .text.INT_SR2  0x00000000000002b0       0x12 ./core/inthandler.o
                0x00000000000002b0                INT_SR2
 .text.INT_SRE2
                0x00000000000002c2       0x12 ./core/inthandler.o
                0x00000000000002c2                INT_SRE2
 .text.INT_DMA0
                0x00000000000002d4       0x12 ./core/inthandler.o
                0x00000000000002d4                INT_DMA0
 .text.INT_DMA1
                0x00000000000002e6       0x12 ./core/inthandler.o
                0x00000000000002e6                INT_DMA1
 .text.INT_ST0  0x00000000000002f8       0x12 ./core/inthandler.o
                0x00000000000002f8                INT_ST0
 .text.INT_SR0  0x000000000000030a       0x12 ./core/inthandler.o
                0x000000000000030a                INT_SR0
 .text.INT_TM01H
                0x000000000000031c       0x12 ./core/inthandler.o
                0x000000000000031c                INT_TM01H
 .text.INT_ST1  0x000000000000032e       0x12 ./core/inthandler.o
                0x000000000000032e                INT_ST1
 .text.INT_SR1  0x0000000000000340       0x12 ./core/inthandler.o
                0x0000000000000340                INT_SR1
 .text.INT_TM03H
                0x0000000000000352       0x12 ./core/inthandler.o
                0x0000000000000352                INT_TM03H
 .text.INT_IICA0
                0x0000000000000364       0x12 ./core/inthandler.o
                0x0000000000000364                INT_IICA0
 .text.INT_TM00
                0x0000000000000376       0x12 ./core/inthandler.o
                0x0000000000000376                INT_TM00
 .text.INT_TM01
                0x0000000000000388       0x12 ./core/inthandler.o
                0x0000000000000388                INT_TM01
 .text.INT_TM02
                0x000000000000039a       0x12 ./core/inthandler.o
                0x000000000000039a                INT_TM02
 .text.INT_TM03
                0x00000000000003ac       0x12 ./core/inthandler.o
                0x00000000000003ac                INT_TM03
 .text.INT_AD   0x00000000000003be       0x12 ./core/inthandler.o
                0x00000000000003be                INT_AD
 .text.INT_RTC  0x00000000000003d0       0x12 ./core/inthandler.o
                0x00000000000003d0                INT_RTC
 .text.INT_IT   0x00000000000003e2       0x12 ./core/inthandler.o
                0x00000000000003e2                INT_IT
 .text.INT_KR   0x00000000000003f4       0x12 ./core/inthandler.o
                0x00000000000003f4                INT_KR
 .text.INT_TM04
                0x0000000000000406       0x12 ./core/inthandler.o
                0x0000000000000406                INT_TM04
 .text.INT_TM05
                0x0000000000000418       0x12 ./core/inthandler.o
                0x0000000000000418                INT_TM05
 .text.INT_TM06
                0x000000000000042a       0x12 ./core/inthandler.o
                0x000000000000042a                INT_TM06
 .text.INT_TM07
                0x000000000000043c       0x12 ./core/inthandler.o
                0x000000000000043c                INT_TM07
 .text.INT_P6   0x000000000000044e       0x12 ./core/inthandler.o
                0x000000000000044e                INT_P6
 .text.INT_P7   0x0000000000000460       0x12 ./core/inthandler.o
                0x0000000000000460                INT_P7
 .text.INT_P8   0x0000000000000472       0x12 ./core/inthandler.o
                0x0000000000000472                INT_P8
 .text.INT_P9   0x0000000000000484       0x12 ./core/inthandler.o
                0x0000000000000484                INT_P9
 .text.INT_P10  0x0000000000000496       0x12 ./core/inthandler.o
                0x0000000000000496                INT_P10
 .text.INT_P11  0x00000000000004a8       0x12 ./core/inthandler.o
                0x00000000000004a8                INT_P11
 .text.INT_MD   0x00000000000004ba       0x12 ./core/inthandler.o
                0x00000000000004ba                INT_MD
 .text.INT_FL   0x00000000000004cc       0x12 ./core/inthandler.o
                0x00000000000004cc                INT_FL
 .text.INT_BRK_I
                0x00000000000004de       0x12 ./core/inthandler.o
                0x00000000000004de                INT_BRK_I
 .text.InitClockSystem
                0x00000000000004f0      0x203 ./core/rl78_clock_sys.o
                0x00000000000004f0                InitClockSystem
                0x00000000000006f3                etext = .
                0x00000000000006f4                . = ALIGN (0x2)
 *fill*         0x00000000000006f3        0x1 
                0x0000000000000000                PROVIDE (__rl78_abs__, 0x0)

.init
 *(.init)

.fini
 *(.fini)

.got
 *(.got)
 *(.got.plt)
                0x0000000000002000                PROVIDE (__mirror, 0x2000)
                0x000000000000ef00                PROVIDE (__mirror_end, (__mirror + 0xcf00))
                0x0000000000002000                PROVIDE (__rodata, ADDR (.rodata))

.rodata         0x0000000000002000        0x0
                0x0000000000002000                . = ALIGN (0x2)
 *(.rodata)
 *(.rodata.*)
                0x0000000000002000                _erodata = .
                0x0000000000000001                ASSERT (! ((SIZEOF (.rodata) > (__mirror_end - __mirror))), Error: Too much const data-the size exceeds the mirror area. Please change some of them from 'const' to 'const __far' and uncheck 'Data sections (-fdata-sections)' of optimaize option.)
                0x0000000000000001                ASSERT (! ((((((SIZEOF (.rodata) <= (__mirror_end - __mirror)) && (SIZEOF (.rodata) > 0x0)) && (ABSOLUTE (__rodata) >= __mirror_end)) && (ABSOLUTE (.) > __mirror_end)) && (ADDR (.text) < __rodata))), Error: No room left for const data- the start address exceeds the mirror area. Please move the .text section from lower address to higher address.)
                0x0000000000000001                ASSERT (! ((((((SIZEOF (.rodata) <= (__mirror_end - __mirror)) && (SIZEOF (.rodata) > 0x0)) && (ABSOLUTE (__rodata) >= __mirror_end)) && (ABSOLUTE (.) > __mirror_end)) && (__rodata < ADDR (.text)))), Error: No room left for const data- the start address exceeds the mirror area. Please check the map file.)
                0x0000000000000001                ASSERT (! ((((((SIZEOF (.rodata) <= (__mirror_end - __mirror)) && (SIZEOF (.rodata) > 0x0)) && (ABSOLUTE (__rodata) < __mirror_end)) && (ABSOLUTE (.) > __mirror_end)) && (ADDR (.text) < __rodata))), Error : No room left for const data-the end address exceeds the mirror area. Please move the .text section from lower address to higher address.)
                0x0000000000000001                ASSERT (! ((((((SIZEOF (.rodata) <= (__mirror_end - __mirror)) && (SIZEOF (.rodata) > 0x0)) && (ABSOLUTE (__rodata) < __mirror_end)) && (ABSOLUTE (.) > __mirror_end)) && (__rodata < ADDR (.text)))), Error : No room left for const data-the end address exceeds the mirror area. Please check the map file.)

.frodata        0x00000000000006f4        0x0
                0x00000000000006f4                . = ALIGN (0x2)
 *(.frodata)
 *(.frodata.*)
                0x00000000000006f4                _efrodata = .

.eh_frame_hdr
 *(.eh_frame_hdr)

.eh_frame
 *(.eh_frame)

.jcr            0x00000000000006f4        0x0
 *(.jcr)
                0x00000000000006f4                . = ALIGN (0x2)

.data           0x00000000000fef00        0x0 load address 0x00000000000000d8
                0x00000000000fef00                . = ALIGN (0x2)
                0x00000000000fef00                _data = .
 *(.data)
 *(.data.*)
                0x00000000000fef00                . = ALIGN (0x2)
                0x00000000000fef00                _edata = .
                0x0000000000000000                PROVIDE (__romdatacopysize, SIZEOF (.data))

.bss            0x00000000000fef00       0x80
                0x00000000000fef00                . = ALIGN (0x2)
                0x00000000000fef00                _bss = .
 *(.bss)
 *(.bss.**)
                0x00000000000fef00                . = ALIGN (0x2)
 *(COMMON)
 COMMON         0x00000000000fef00        0x4 ./src/RL78_LibDev.o
                0x00000000000fef00                Count
                0x00000000000fef04                . = ALIGN (0x2)
                0x00000000000fef04                _ebss = .
                0x00000000000fef80                . = ALIGN (0x80)
 *fill*         0x00000000000fef04       0x7c 
                0x00000000000fef80                _end = .
                0x0000000000000064                PROVIDE (stack_size, 0x64)

.stack          0x00000000000ffedc        0x0
                0x00000000000ffedc                _stack = .
                0x0000000000000001                ASSERT ((_stack > (_end + stack_size)), Error: Too much data - no room left for the stack)
OUTPUT(RL78_LibDev.elf elf32-rl78)

.debug_frame    0x0000000000000000      0xae4
 .debug_frame   0x0000000000000000       0x40 ./src/RL78_LibDev.o
 .debug_frame   0x0000000000000040       0x24 ./core/hwinit.o
 .debug_frame   0x0000000000000064      0xa54 ./core/inthandler.o
 .debug_frame   0x0000000000000ab8       0x2c ./core/rl78_clock_sys.o

.debug_info     0x0000000000000000      0x83f
 .debug_info    0x0000000000000000      0x181 ./src/RL78_LibDev.o
 .debug_info    0x0000000000000181       0x37 ./core/hwinit.o
 .debug_info    0x00000000000001b8      0x2df ./core/inthandler.o
 .debug_info    0x0000000000000497       0x78 ./core/option.o
 .debug_info    0x000000000000050f      0x23f ./core/rl78_clock_sys.o
 .debug_info    0x000000000000074e       0x83 ./core/start.o
 .debug_info    0x00000000000007d1       0x6e ./core/vects.o

.debug_abbrev   0x0000000000000000      0x283
 .debug_abbrev  0x0000000000000000       0xb6 ./src/RL78_LibDev.o
 .debug_abbrev  0x00000000000000b6       0x2c ./core/hwinit.o
 .debug_abbrev  0x00000000000000e2       0x2c ./core/inthandler.o
 .debug_abbrev  0x000000000000010e       0x45 ./core/option.o
 .debug_abbrev  0x0000000000000153       0xd0 ./core/rl78_clock_sys.o
 .debug_abbrev  0x0000000000000223       0x14 ./core/start.o
 .debug_abbrev  0x0000000000000237       0x4c ./core/vects.o

.debug_aranges  0x0000000000000000      0x210
 .debug_aranges
                0x0000000000000000       0x20 ./src/RL78_LibDev.o
 .debug_aranges
                0x0000000000000020       0x20 ./core/hwinit.o
 .debug_aranges
                0x0000000000000040      0x160 ./core/inthandler.o
 .debug_aranges
                0x00000000000001a0       0x18 ./core/option.o
 .debug_aranges
                0x00000000000001b8       0x20 ./core/rl78_clock_sys.o
 .debug_aranges
                0x00000000000001d8       0x20 ./core/start.o
 .debug_aranges
                0x00000000000001f8       0x18 ./core/vects.o

.debug_ranges   0x0000000000000000      0x180
 .debug_ranges  0x0000000000000000       0x10 ./src/RL78_LibDev.o
 .debug_ranges  0x0000000000000010       0x10 ./core/hwinit.o
 .debug_ranges  0x0000000000000020      0x150 ./core/inthandler.o
 .debug_ranges  0x0000000000000170       0x10 ./core/rl78_clock_sys.o

.debug_line     0x0000000000000000      0x92e
 .debug_line    0x0000000000000000       0xb6 ./src/RL78_LibDev.o
 .debug_line    0x00000000000000b6       0x47 ./core/hwinit.o
 .debug_line    0x00000000000000fd      0x3da ./core/inthandler.o
 .debug_line    0x00000000000004d7       0x31 ./core/option.o
 .debug_line    0x0000000000000508      0x29c ./core/rl78_clock_sys.o
 .debug_line    0x00000000000007a4      0x15a ./core/start.o
 .debug_line    0x00000000000008fe       0x30 ./core/vects.o

.debug_str      0x0000000000000000      0x47f
 .debug_str     0x0000000000000000      0x1d4 ./src/RL78_LibDev.o
                                        0x1e6 (size before relaxing)
 .debug_str     0x00000000000001d4       0x1f ./core/hwinit.o
                                        0x134 (size before relaxing)
 .debug_str     0x00000000000001f3      0x162 ./core/inthandler.o
                                        0x277 (size before relaxing)
 .debug_str     0x0000000000000355       0x33 ./core/option.o
                                        0x156 (size before relaxing)
 .debug_str     0x0000000000000388       0xd7 ./core/rl78_clock_sys.o
                                        0x2c8 (size before relaxing)
 .debug_str     0x000000000000045f       0x20 ./core/vects.o
                                        0x146 (size before relaxing)

.comment        0x0000000000000000       0xa0
 .comment       0x0000000000000000       0xa0 ./src/RL78_LibDev.o
                                         0xa1 (size before relaxing)
 .comment       0x0000000000000000       0xa1 ./core/hwinit.o
 .comment       0x0000000000000000       0xa1 ./core/inthandler.o
 .comment       0x0000000000000000       0xa1 ./core/option.o
 .comment       0x0000000000000000       0xa1 ./core/rl78_clock_sys.o
 .comment       0x0000000000000000       0xa1 ./core/vects.o
