
Allocating common symbols
Common symbol       size              file

Count               0x4               ./src/RL78_LibDev.o

Discarded input sections

 .text          0x0000000000000000        0x0 ./src/RL78_LibDev.o
 .data          0x0000000000000000        0x0 ./src/RL78_LibDev.o
 .bss           0x0000000000000000        0x0 ./src/RL78_LibDev.o
 .text          0x0000000000000000        0x0 ./core/hwinit.o
 .data          0x0000000000000000        0x0 ./core/hwinit.o
 .bss           0x0000000000000000        0x0 ./core/hwinit.o
 .text          0x0000000000000000        0x0 ./core/inthandler.o
 .data          0x0000000000000000        0x0 ./core/inthandler.o
 .bss           0x0000000000000000        0x0 ./core/inthandler.o
 .text          0x0000000000000000        0x0 ./core/option.o
 .data          0x0000000000000000        0x0 ./core/option.o
 .bss           0x0000000000000000        0x0 ./core/option.o
 .text          0x0000000000000000        0x0 ./core/rl78_clock_sys.o
 .data          0x0000000000000000        0x0 ./core/rl78_clock_sys.o
 .bss           0x0000000000000000        0x0 ./core/rl78_clock_sys.o
 .data          0x0000000000000000        0x0 ./core/start.o
 .bss           0x0000000000000000        0x0 ./core/start.o
 .text          0x0000000000000000        0x0 ./core/vects.o
 .data          0x0000000000000000        0x0 ./core/vects.o
 .bss           0x0000000000000000        0x0 ./core/vects.o

Memory Configuration

Name             Origin             Length             Attributes
VEC              0x0000000000000000 0x0000000000000004
IVEC             0x0000000000000004 0x00000000000000bc
OPT              0x00000000000000c0 0x0000000000000004
SEC_ID           0x00000000000000c4 0x000000000000000a
OCDSTAD          0x00000000000000ce 0x000000000000000a
OCDROM           0x000000000000fe00 0x0000000000000200
ROM              0x00000000000000d8 0x000000000000fd28
MIRROR           0x00000000000f2000 0x000000000000cf00
RAM              0x00000000000fef00 0x0000000000001000
*default*        0x0000000000000000 0xffffffffffffffff

Linker script and memory map

LOAD ./src/RL78_LibDev.o
LOAD ./core/hwinit.o
LOAD ./core/inthandler.o
LOAD ./core/option.o
LOAD ./core/rl78_clock_sys.o
LOAD ./core/start.o
LOAD ./core/vects.o
START GROUP
LOAD c:/programdata/gcc for renesas rl78 4.9.2.202201-gnurl78-elf/rl78-elf/rl78-elf/bin/../lib/gcc/rl78-elf/4.9.2.202201-GNURL78/../../../../rl78-elf/lib/g13\libm.a
LOAD c:/programdata/gcc for renesas rl78 4.9.2.202201-gnurl78-elf/rl78-elf/rl78-elf/bin/../lib/gcc/rl78-elf/4.9.2.202201-GNURL78/../../../../rl78-elf/lib/g13\libc.a
LOAD c:/programdata/gcc for renesas rl78 4.9.2.202201-gnurl78-elf/rl78-elf/rl78-elf/bin/../lib/gcc/rl78-elf/4.9.2.202201-GNURL78/g13\libgcc.a
END GROUP
LOAD c:/programdata/gcc for renesas rl78 4.9.2.202201-gnurl78-elf/rl78-elf/rl78-elf/bin/../lib/gcc/rl78-elf/4.9.2.202201-GNURL78/g13\libgcc.a
START GROUP
LOAD c:/programdata/gcc for renesas rl78 4.9.2.202201-gnurl78-elf/rl78-elf/rl78-elf/bin/../lib/gcc/rl78-elf/4.9.2.202201-GNURL78/../../../../rl78-elf/lib/g13\libc.a
LOAD c:/programdata/gcc for renesas rl78 4.9.2.202201-gnurl78-elf/rl78-elf/rl78-elf/bin/../lib/gcc/rl78-elf/4.9.2.202201-GNURL78/../../../../rl78-elf/lib/g13\libsim.a
END GROUP
LOAD c:/programdata/gcc for renesas rl78 4.9.2.202201-gnurl78-elf/rl78-elf/rl78-elf/bin/../lib/gcc/rl78-elf/4.9.2.202201-GNURL78/g13\libgcc.a

.vec            0x0000000000000000        0x4
 *(.vec)
 .vec           0x0000000000000000        0x4 ./core/vects.o
                0x0000000000000000                HardwareVectors

.vects          0x0000000000000004       0x7c
 *(.vects)
 .vects         0x0000000000000004       0x7c ./core/vects.o
                0x0000000000000004                Vectors

.option_bytes   0x00000000000000c0        0x4
 *(.option_bytes)
 .option_bytes  0x00000000000000c0        0x4 ./core/option.o
                0x00000000000000c0                Option_Bytes

.security_id    0x00000000000000c4        0xa
 *(.security_id)
 .security_id   0x00000000000000c4        0xa ./core/option.o
                0x00000000000000c4                Security_Id

.lowtext        0x00000000000000d8        0x0
 *(.plt)
 .plt           0x00000000000000d8        0x0 ./src/RL78_LibDev.o
 *(.lowtext)
                0x00000000000000d8                . = ALIGN (0x2)

.tors           0x00000000000000d8        0x0
                0x00000000000000d8                __CTOR_LIST__ = .
                0x00000000000000d8                . = ALIGN (0x2)
                0x00000000000000d8                ___ctors = .
 *(.ctors)
                0x00000000000000d8                ___ctors_end = .
                0x00000000000000d8                __CTOR_END__ = .
                0x00000000000000d8                __DTOR_LIST__ = .
                0x00000000000000d8                ___dtors = .
 *(.dtors)
                0x00000000000000d8                ___dtors_end = .
                0x00000000000000d8                __DTOR_END__ = .
                0x00000000000000d8                . = ALIGN (0x2)
                0x00000000000000d8                _mdata = .

.text           0x00000000000000d8      0x666
 *(.text)
 .text          0x00000000000000d8       0x60 ./core/start.o
                0x00000000000000d8                _rl78_fini
                0x00000000000000da                PowerON_Reset
                0x0000000000000136                exit
 *(.text.*)
 .text.main     0x0000000000000138       0xd9 ./src/RL78_LibDev.o
                0x0000000000000138                main
 .text.HardwareSetup
                0x0000000000000211        0x1 ./core/hwinit.o
                0x0000000000000211                HardwareSetup
 .text.INT_WDTI
                0x0000000000000212       0x12 ./core/inthandler.o
                0x0000000000000212                INT_WDTI
 .text.INT_LVI  0x0000000000000224       0x12 ./core/inthandler.o
                0x0000000000000224                INT_LVI
 .text.INT_P0   0x0000000000000236       0x12 ./core/inthandler.o
                0x0000000000000236                INT_P0
 .text.INT_P1   0x0000000000000248       0x12 ./core/inthandler.o
                0x0000000000000248                INT_P1
 .text.INT_P2   0x000000000000025a       0x12 ./core/inthandler.o
                0x000000000000025a                INT_P2
 .text.INT_P3   0x000000000000026c       0x12 ./core/inthandler.o
                0x000000000000026c                INT_P3
 .text.INT_P4   0x000000000000027e       0x12 ./core/inthandler.o
                0x000000000000027e                INT_P4
 .text.INT_P5   0x0000000000000290       0x12 ./core/inthandler.o
                0x0000000000000290                INT_P5
 .text.INT_ST2  0x00000000000002a2       0x12 ./core/inthandler.o
                0x00000000000002a2                INT_ST2
 .text.INT_SR2  0x00000000000002b4       0x12 ./core/inthandler.o
                0x00000000000002b4                INT_SR2
 .text.INT_SRE2
                0x00000000000002c6       0x12 ./core/inthandler.o
                0x00000000000002c6                INT_SRE2
 .text.INT_DMA0
                0x00000000000002d8       0x12 ./core/inthandler.o
                0x00000000000002d8                INT_DMA0
 .text.INT_DMA1
                0x00000000000002ea       0x12 ./core/inthandler.o
                0x00000000000002ea                INT_DMA1
 .text.INT_ST0  0x00000000000002fc       0x12 ./core/inthandler.o
                0x00000000000002fc                INT_ST0
 .text.INT_SR0  0x000000000000030e       0x12 ./core/inthandler.o
                0x000000000000030e                INT_SR0
 .text.INT_TM01H
                0x0000000000000320       0x12 ./core/inthandler.o
                0x0000000000000320                INT_TM01H
 .text.INT_ST1  0x0000000000000332       0x12 ./core/inthandler.o
                0x0000000000000332                INT_ST1
 .text.INT_SR1  0x0000000000000344       0x12 ./core/inthandler.o
                0x0000000000000344                INT_SR1
 .text.INT_TM03H
                0x0000000000000356       0x12 ./core/inthandler.o
                0x0000000000000356                INT_TM03H
 .text.INT_IICA0
                0x0000000000000368       0x12 ./core/inthandler.o
                0x0000000000000368                INT_IICA0
 .text.INT_TM00
                0x000000000000037a       0x12 ./core/inthandler.o
                0x000000000000037a                INT_TM00
 .text.INT_TM01
                0x000000000000038c       0x12 ./core/inthandler.o
                0x000000000000038c                INT_TM01
 .text.INT_TM02
                0x000000000000039e       0x12 ./core/inthandler.o
                0x000000000000039e                INT_TM02
 .text.INT_TM03
                0x00000000000003b0       0x12 ./core/inthandler.o
                0x00000000000003b0                INT_TM03
 .text.INT_AD   0x00000000000003c2       0x12 ./core/inthandler.o
                0x00000000000003c2                INT_AD
 .text.INT_RTC  0x00000000000003d4       0x12 ./core/inthandler.o
                0x00000000000003d4                INT_RTC
 .text.INT_IT   0x00000000000003e6       0x12 ./core/inthandler.o
                0x00000000000003e6                INT_IT
 .text.INT_KR   0x00000000000003f8       0x12 ./core/inthandler.o
                0x00000000000003f8                INT_KR
 .text.INT_TM04
                0x000000000000040a       0x12 ./core/inthandler.o
                0x000000000000040a                INT_TM04
 .text.INT_TM05
                0x000000000000041c       0x12 ./core/inthandler.o
                0x000000000000041c                INT_TM05
 .text.INT_TM06
                0x000000000000042e       0x12 ./core/inthandler.o
                0x000000000000042e                INT_TM06
 .text.INT_TM07
                0x0000000000000440       0x12 ./core/inthandler.o
                0x0000000000000440                INT_TM07
 .text.INT_P6   0x0000000000000452       0x12 ./core/inthandler.o
                0x0000000000000452                INT_P6
 .text.INT_P7   0x0000000000000464       0x12 ./core/inthandler.o
                0x0000000000000464                INT_P7
 .text.INT_P8   0x0000000000000476       0x12 ./core/inthandler.o
                0x0000000000000476                INT_P8
 .text.INT_P9   0x0000000000000488       0x12 ./core/inthandler.o
                0x0000000000000488                INT_P9
 .text.INT_P10  0x000000000000049a       0x12 ./core/inthandler.o
                0x000000000000049a                INT_P10
 .text.INT_P11  0x00000000000004ac       0x12 ./core/inthandler.o
                0x00000000000004ac                INT_P11
 .text.INT_MD   0x00000000000004be       0x12 ./core/inthandler.o
                0x00000000000004be                INT_MD
 .text.INT_FL   0x00000000000004d0       0x12 ./core/inthandler.o
                0x00000000000004d0                INT_FL
 .text.INT_BRK_I
                0x00000000000004e2       0x12 ./core/inthandler.o
                0x00000000000004e2                INT_BRK_I
 .text.SetCPUClockX1
                0x00000000000004f4       0x46 ./core/rl78_clock_sys.o
                0x00000000000004f4                SetCPUClockX1
 .text.InitClockSystem
                0x000000000000053a      0x203 ./core/rl78_clock_sys.o
                0x000000000000053a                InitClockSystem
                0x000000000000073d                etext = .
                0x000000000000073e                . = ALIGN (0x2)
 *fill*         0x000000000000073d        0x1 
                0x0000000000000000                PROVIDE (__rl78_abs__, 0x0)

.init
 *(.init)

.fini
 *(.fini)

.got
 *(.got)
 *(.got.plt)
                0x0000000000002000                PROVIDE (__mirror, 0x2000)
                0x000000000000ef00                PROVIDE (__mirror_end, (__mirror + 0xcf00))
                0x0000000000002000                PROVIDE (__rodata, ADDR (.rodata))

.rodata         0x0000000000002000        0x0
                0x0000000000002000                . = ALIGN (0x2)
 *(.rodata)
 *(.rodata.*)
                0x0000000000002000                _erodata = .
                0x0000000000000001                ASSERT (! ((SIZEOF (.rodata) > (__mirror_end - __mirror))), Error: Too much const data-the size exceeds the mirror area. Please change some of them from 'const' to 'const __far' and uncheck 'Data sections (-fdata-sections)' of optimaize option.)
                0x0000000000000001                ASSERT (! ((((((SIZEOF (.rodata) <= (__mirror_end - __mirror)) && (SIZEOF (.rodata) > 0x0)) && (ABSOLUTE (__rodata) >= __mirror_end)) && (ABSOLUTE (.) > __mirror_end)) && (ADDR (.text) < __rodata))), Error: No room left for const data- the start address exceeds the mirror area. Please move the .text section from lower address to higher address.)
                0x0000000000000001                ASSERT (! ((((((SIZEOF (.rodata) <= (__mirror_end - __mirror)) && (SIZEOF (.rodata) > 0x0)) && (ABSOLUTE (__rodata) >= __mirror_end)) && (ABSOLUTE (.) > __mirror_end)) && (__rodata < ADDR (.text)))), Error: No room left for const data- the start address exceeds the mirror area. Please check the map file.)
                0x0000000000000001                ASSERT (! ((((((SIZEOF (.rodata) <= (__mirror_end - __mirror)) && (SIZEOF (.rodata) > 0x0)) && (ABSOLUTE (__rodata) < __mirror_end)) && (ABSOLUTE (.) > __mirror_end)) && (ADDR (.text) < __rodata))), Error : No room left for const data-the end address exceeds the mirror area. Please move the .text section from lower address to higher address.)
                0x0000000000000001                ASSERT (! ((((((SIZEOF (.rodata) <= (__mirror_end - __mirror)) && (SIZEOF (.rodata) > 0x0)) && (ABSOLUTE (__rodata) < __mirror_end)) && (ABSOLUTE (.) > __mirror_end)) && (__rodata < ADDR (.text)))), Error : No room left for const data-the end address exceeds the mirror area. Please check the map file.)

.frodata        0x000000000000073e        0x0
                0x000000000000073e                . = ALIGN (0x2)
 *(.frodata)
 *(.frodata.*)
                0x000000000000073e                _efrodata = .

.eh_frame_hdr
 *(.eh_frame_hdr)

.eh_frame
 *(.eh_frame)

.jcr            0x000000000000073e        0x0
 *(.jcr)
                0x000000000000073e                . = ALIGN (0x2)

.data           0x00000000000fef00        0x0 load address 0x00000000000000d8
                0x00000000000fef00                . = ALIGN (0x2)
                0x00000000000fef00                _data = .
 *(.data)
 *(.data.*)
                0x00000000000fef00                . = ALIGN (0x2)
                0x00000000000fef00                _edata = .
                0x0000000000000000                PROVIDE (__romdatacopysize, SIZEOF (.data))

.bss            0x00000000000fef00       0x80
                0x00000000000fef00                . = ALIGN (0x2)
                0x00000000000fef00                _bss = .
 *(.bss)
 *(.bss.**)
                0x00000000000fef00                . = ALIGN (0x2)
 *(COMMON)
 COMMON         0x00000000000fef00        0x4 ./src/RL78_LibDev.o
                0x00000000000fef00                Count
                0x00000000000fef04                . = ALIGN (0x2)
                0x00000000000fef04                _ebss = .
                0x00000000000fef80                . = ALIGN (0x80)
 *fill*         0x00000000000fef04       0x7c 
                0x00000000000fef80                _end = .
                0x0000000000000064                PROVIDE (stack_size, 0x64)

.stack          0x00000000000ffedc        0x0
                0x00000000000ffedc                _stack = .
                0x0000000000000001                ASSERT ((_stack > (_end + stack_size)), Error: Too much data - no room left for the stack)
OUTPUT(RL78_LibDev.elf elf32-rl78)

.debug_frame    0x0000000000000000      0xaf4
 .debug_frame   0x0000000000000000       0x40 ./src/RL78_LibDev.o
 .debug_frame   0x0000000000000040       0x24 ./core/hwinit.o
 .debug_frame   0x0000000000000064      0xa54 ./core/inthandler.o
 .debug_frame   0x0000000000000ab8       0x3c ./core/rl78_clock_sys.o

.debug_info     0x0000000000000000      0x856
 .debug_info    0x0000000000000000      0x181 ./src/RL78_LibDev.o
 .debug_info    0x0000000000000181       0x37 ./core/hwinit.o
 .debug_info    0x00000000000001b8      0x2df ./core/inthandler.o
 .debug_info    0x0000000000000497       0x78 ./core/option.o
 .debug_info    0x000000000000050f      0x250 ./core/rl78_clock_sys.o
 .debug_info    0x000000000000075f       0x89 ./core/start.o
 .debug_info    0x00000000000007e8       0x6e ./core/vects.o

.debug_abbrev   0x0000000000000000      0x29b
 .debug_abbrev  0x0000000000000000       0xb6 ./src/RL78_LibDev.o
 .debug_abbrev  0x00000000000000b6       0x2c ./core/hwinit.o
 .debug_abbrev  0x00000000000000e2       0x2c ./core/inthandler.o
 .debug_abbrev  0x000000000000010e       0x45 ./core/option.o
 .debug_abbrev  0x0000000000000153       0xe8 ./core/rl78_clock_sys.o
 .debug_abbrev  0x000000000000023b       0x14 ./core/start.o
 .debug_abbrev  0x000000000000024f       0x4c ./core/vects.o

.debug_aranges  0x0000000000000000      0x218
 .debug_aranges
                0x0000000000000000       0x20 ./src/RL78_LibDev.o
 .debug_aranges
                0x0000000000000020       0x20 ./core/hwinit.o
 .debug_aranges
                0x0000000000000040      0x160 ./core/inthandler.o
 .debug_aranges
                0x00000000000001a0       0x18 ./core/option.o
 .debug_aranges
                0x00000000000001b8       0x28 ./core/rl78_clock_sys.o
 .debug_aranges
                0x00000000000001e0       0x20 ./core/start.o
 .debug_aranges
                0x0000000000000200       0x18 ./core/vects.o

.debug_ranges   0x0000000000000000      0x188
 .debug_ranges  0x0000000000000000       0x10 ./src/RL78_LibDev.o
 .debug_ranges  0x0000000000000010       0x10 ./core/hwinit.o
 .debug_ranges  0x0000000000000020      0x150 ./core/inthandler.o
 .debug_ranges  0x0000000000000170       0x18 ./core/rl78_clock_sys.o

.debug_line     0x0000000000000000      0x95c
 .debug_line    0x0000000000000000       0xbc ./src/RL78_LibDev.o
 .debug_line    0x00000000000000bc       0x47 ./core/hwinit.o
 .debug_line    0x0000000000000103      0x3da ./core/inthandler.o
 .debug_line    0x00000000000004dd       0x31 ./core/option.o
 .debug_line    0x000000000000050e      0x2c4 ./core/rl78_clock_sys.o
 .debug_line    0x00000000000007d2      0x15a ./core/start.o
 .debug_line    0x000000000000092c       0x30 ./core/vects.o

.debug_str      0x0000000000000000      0x493
 .debug_str     0x0000000000000000      0x1da ./src/RL78_LibDev.o
                                        0x1ec (size before relaxing)
 .debug_str     0x00000000000001da       0x1f ./core/hwinit.o
                                        0x13a (size before relaxing)
 .debug_str     0x00000000000001f9      0x162 ./core/inthandler.o
                                        0x27d (size before relaxing)
 .debug_str     0x000000000000035b       0x33 ./core/option.o
                                        0x15c (size before relaxing)
 .debug_str     0x000000000000038e       0xe5 ./core/rl78_clock_sys.o
                                        0x2dc (size before relaxing)
 .debug_str     0x0000000000000473       0x20 ./core/vects.o
                                        0x14c (size before relaxing)

.comment        0x0000000000000000       0xa0
 .comment       0x0000000000000000       0xa0 ./src/RL78_LibDev.o
                                         0xa1 (size before relaxing)
 .comment       0x0000000000000000       0xa1 ./core/hwinit.o
 .comment       0x0000000000000000       0xa1 ./core/inthandler.o
 .comment       0x0000000000000000       0xa1 ./core/option.o
 .comment       0x0000000000000000       0xa1 ./core/rl78_clock_sys.o
 .comment       0x0000000000000000       0xa1 ./core/vects.o
