   1                             	r8	=	0xffef0
   2                             	r16	=	0xffee8
   3                             	r24	=	0xffee0
   4                             	r9	=	0xffef1
   5                             	r17	=	0xffee9
   6                             	r25	=	0xffee1
   7                             	r10	=	0xffef2
   8                             	r18	=	0xffeea
   9                             	r26	=	0xffee2
  10                             	r11	=	0xffef3
  11                             	r19	=	0xffeeb
  12                             	r27	=	0xffee3
  13                             	r12	=	0xffef4
  14                             	r20	=	0xffeec
  15                             	r28	=	0xffee4
  16                             	r13	=	0xffef5
  17                             	r21	=	0xffeed
  18                             	r29	=	0xffee5
  19                             	r14	=	0xffef6
  20                             	r22	=	0xffeee
  21                             	r30	=	0xffee6
  22                             	r15	=	0xffef7
  23                             	r23	=	0xffeef
  24                             	r31	=	0xffee7
  25                             	MDUC	=	0xf00e8
  26                             	MDAL	=	0xffff0
  27                             	MDAH	=	0xffff2
  28                             	MDBL	=	0xffff6
  29                             	MDBH	=	0xffff4
  30                             	MDCL	=	0xf00e0
  31                             	MDCH	=	0xf00e2
  32                             	.text
  33                             	.Ltext0:
  34                             		.comm	_Count,4,2
  35                             		.section	.text.main,"ax",@progbits
  36                             		.global	_main
  38                             	_main:
  39                             	.LFB0:
  40                             		.file 1 "../src/RL78_LibDev.c"
   1:../src/RL78_LibDev.c **** //------------------------------------------------------------------------------------------------
   2:../src/RL78_LibDev.c **** //
   3:../src/RL78_LibDev.c **** //					The Sonic Zone (PTY) LTD
   4:../src/RL78_LibDev.c **** //				Renesas RL78/G13 Code Library Development
   5:../src/RL78_LibDev.c **** //
   6:../src/RL78_LibDev.c **** //------------------------------------------------------------------------------------------------
   7:../src/RL78_LibDev.c **** 
   8:../src/RL78_LibDev.c **** 
   9:../src/RL78_LibDev.c **** // Included headers
  10:../src/RL78_LibDev.c **** #include "../core/iodefine.h"
  11:../src/RL78_LibDev.c **** #include "../core/iodefine_ext.h"
  12:../src/RL78_LibDev.c **** #include "../core/rl78_g13.h"
  13:../src/RL78_LibDev.c **** #include "../core/rl78_clock_sys.h"
  14:../src/RL78_LibDev.c **** 
  15:../src/RL78_LibDev.c **** // Variables
  16:../src/RL78_LibDev.c **** unsigned long Count;
  17:../src/RL78_LibDev.c **** // Constants
  18:../src/RL78_LibDev.c **** 
  19:../src/RL78_LibDev.c **** // Definitions
  20:../src/RL78_LibDev.c **** #define LED01_PIN   PM4_bit.no3
  21:../src/RL78_LibDev.c **** #define LED01       P4_bit.no3
  22:../src/RL78_LibDev.c **** 
  23:../src/RL78_LibDev.c **** //------------------------------------------------------------------------------------------------
  24:../src/RL78_LibDev.c **** // Main Function
  25:../src/RL78_LibDev.c **** //------------------------------------------------------------------------------------------------
  26:../src/RL78_LibDev.c **** int main(void){
  41                             		.loc 1 26 0
  42                             		; start of function
  43                             		; push 4: r16 r18
  44                             		; locals: 4 bytes
  45                             		; outgoing: 4 bytes
  46                             		; uses ES register
  47 0000 61 EF                   		sel	rb2
  48 0002 C1                      		push	ax ; r16
  49                             	.LCFI0:
  50 0003 C3                      		push	bc ; r18
  51                             	.LCFI1:
  52 0004 61 CF                   		sel	rb0
  53 0006 20 08                   		subw	sp, #8
  54                             	.LCFI2:
  27:../src/RL78_LibDev.c **** 
  28:../src/RL78_LibDev.c **** 	// System Initialisation
  29:../src/RL78_LibDev.c **** 	InitClockSystem(X1_HIGHSPEED, XT1_NORMAL);
  55                             		.loc 1 29 0
  56 0008 51 02                   		mov	a, #2
  57 000a 98 00                   		mov	[sp], a
  58 000c 51 02                   		mov	a, #2
  59 000e 98 02                   		mov	[sp+2], a
  60 0010 FC 00 00 00             		call	!!%code(_InitClockSystem)
  30:../src/RL78_LibDev.c **** 
  31:../src/RL78_LibDev.c **** 
  32:../src/RL78_LibDev.c **** 	// GPIO Initalisation
  33:../src/RL78_LibDev.c **** 	LED01_PIN = 0; // Make Pin as O/P
  61                             		.loc 1 33 0
  62 0014 C9 F0 24 FF             		movw	r8, #-220
  63 0018 AD F0                   		movw	ax, r8
  64 001a BD F4                   		movw	r12, ax
  65 001c FA F4                   		movw	hl, r12
  66 001e 8B                      		mov	a, [hl]
  67 001f 9D F2                   		mov	r10, a
  68 0021 5A F2 F7                		and	r10, #-9
  69 0024 AD F0                   		movw	ax, r8
  70 0026 EA F4                   		movw	de, r12
  71 0028 8D F2                   		mov	a, r10
  72 002a 99                      		mov	[de], a
  34:../src/RL78_LibDev.c **** 	LED01 = 0; // Turn LED ON
  73                             		.loc 1 34 0
  74 002b C9 F0 04 FF             		movw	r8, #-252
  75 002f AD F0                   		movw	ax, r8
  76 0031 BD F4                   		movw	r12, ax
  77 0033 FA F4                   		movw	hl, r12
  78 0035 8B                      		mov	a, [hl]
  79 0036 9D F2                   		mov	r10, a
  80 0038 5A F2 F7                		and	r10, #-9
  81 003b AD F0                   		movw	ax, r8
  82 003d EA F4                   		movw	de, r12
  83 003f 8D F2                   		mov	a, r10
  84 0041 99                      		mov	[de], a
  85                             	.L4:
  35:../src/RL78_LibDev.c **** 
  36:../src/RL78_LibDev.c **** 	// Simple loop to test clocks etc...
  37:../src/RL78_LibDev.c **** 
  38:../src/RL78_LibDev.c **** 	while(1){
  39:../src/RL78_LibDev.c **** 		LED01 = ~LED01; // toggle LED
  86                             		.loc 1 39 0
  87 0042 C9 F2 04 FF             		movw	r10, #-252
  88 0046 C9 F0 04 FF             		movw	r8, #-252
  89 004a AD F0                   		movw	ax, r8
  90 004c BD F4                   		movw	r12, ax
  91 004e FA F4                   		movw	hl, r12
  92 0050 8B                      		mov	a, [hl]
  93 0051 9D F0                   		mov	r8, a
  94 0053 31 3A                   		shr	a, 3
  95 0055 9D F0                   		mov	r8, a
  96 0057 5A F0 01                		and	r8, #1
  97 005a 7A F0 FF                		xor	r8, #-1
  98 005d 5A F0 01                		and	r8, #1
  99 0060 5A F0 01                		and	r8, #1
 100 0063 8D F0                   		mov	a, r8
 101 0065 31 39                   		shl	a, 3
 102 0067 9D F0                   		mov	r8, a
 103 0069 AD F2                   		movw	ax, r10
 104 006b BD F4                   		movw	r12, ax
 105 006d FA F4                   		movw	hl, r12
 106 006f 8B                      		mov	a, [hl]
 107 0070 9D F1                   		mov	r9, a
 108 0072 5A F1 F7                		and	r9, #-9
 109 0075 8D F1                   		mov	a, r9
 110 0077 6B F0                   		or	a, r8
 111 0079 9D F0                   		mov	r8, a
 112 007b AD F2                   		movw	ax, r10
 113 007d EA F4                   		movw	de, r12
 114 007f 8D F0                   		mov	a, r8
 115 0081 99                      		mov	[de], a
  40:../src/RL78_LibDev.c **** 		for(Count = 0; Count < 10000; Count++);{
 116                             		.loc 1 40 0
 117 0082 F6                      		clrw	ax
 118 0083 BF 00 00                		movw	!_Count, ax
 119 0086 F6                      		clrw	ax
 120 0087 BF 00 00                		movw	!_Count+2, ax
 121 008a EC B4 00 00             		br	!!.L2
 122                             	.L3:
 123                             		.loc 1 40 0 is_stmt 0 discriminator 3
 124 008e AF 00 00                		movw	ax, !_Count
 125 0091 BD F0                   		movw	r8, ax
 126 0093 B8 04                   		movw	[sp+4], ax
 127 0095 AF 00 00                		movw	ax, !_Count+2
 128 0098 BD F4                   		movw	r12, ax
 129 009a B8 06                   		movw	[sp+6], ax
 130 009c A8 04                   		movw ax, [sp+4]
 131 009e 04 01 00                		addw ax, #1
 132 00a1 BD F0                   		movw r8, ax
 133 00a3 A8 06                   		movw ax, [sp+6]
 134 00a5 61 D8                   		sknc
 135 00a7 A1                      		incw ax
 136 00a8 BD F2                   		movw r10,ax
 137 00aa AD F0                   		movw	ax, r8
 138 00ac BF 00 00                		movw	!_Count, ax
 139 00af AD F2                   		movw	ax, r10
 140 00b1 BF 00 00                		movw	!_Count+2, ax
 141                             	.L2:
 142                             		.loc 1 40 0 discriminator 1
 143 00b4 AF 00 00                		movw	ax, !_Count
 144 00b7 BD E8                   		movw	r16, ax
 145 00b9 AF 00 00                		movw	ax, !_Count+2
 146 00bc BD EA                   		movw	r18, ax
 147 00be AD EA                   		movw	ax, r18
 148 00c0 44 00 00                		 cmpw	ax, #0
 149 00c3 AD E8                   		 movw	ax, r16
 150 00c5 61 F8                   		 sknz
 151 00c7 44 0F 27                		 cmpw	ax, #9999
 152 00ca 61 E3                   		 skh
 153 00cc EC 8E 00 00             		 br	!!.L3
  41:../src/RL78_LibDev.c **** 			asm("nop"); // do nothing
 154                             		.loc 1 41 0 is_stmt 1
 155                             	 ; 41 "../src/RL78_LibDev.c" 1
 156 00d0 00                      		nop
 157                             	 ; 0 "" 2
  42:../src/RL78_LibDev.c **** 		}
  43:../src/RL78_LibDev.c **** 
  44:../src/RL78_LibDev.c **** 	}
 158                             		.loc 1 44 0
 159 00d1 EC 42 00 00             		br	!!.L4
 160                             	.LFE0:
 204                             	.Letext0:
 205                             		.file 2 "../src/../core/iodefine.h"
 206                             		.file 3 "../src/../core/rl78_clock_sys.h"
