   1                             	r8	=	0xffef0
   2                             	r16	=	0xffee8
   3                             	r24	=	0xffee0
   4                             	r9	=	0xffef1
   5                             	r17	=	0xffee9
   6                             	r25	=	0xffee1
   7                             	r10	=	0xffef2
   8                             	r18	=	0xffeea
   9                             	r26	=	0xffee2
  10                             	r11	=	0xffef3
  11                             	r19	=	0xffeeb
  12                             	r27	=	0xffee3
  13                             	r12	=	0xffef4
  14                             	r20	=	0xffeec
  15                             	r28	=	0xffee4
  16                             	r13	=	0xffef5
  17                             	r21	=	0xffeed
  18                             	r29	=	0xffee5
  19                             	r14	=	0xffef6
  20                             	r22	=	0xffeee
  21                             	r30	=	0xffee6
  22                             	r15	=	0xffef7
  23                             	r23	=	0xffeef
  24                             	r31	=	0xffee7
  25                             	MDUC	=	0xf00e8
  26                             	MDAL	=	0xffff0
  27                             	MDAH	=	0xffff2
  28                             	MDBL	=	0xffff6
  29                             	MDBH	=	0xffff4
  30                             	MDCL	=	0xf00e0
  31                             	MDCH	=	0xf00e2
  32                             	.text
  33                             	.Ltext0:
  34                             		.global	_HardwareVectors
  35                             		.section	.vec,"aw",@progbits
  36                             		.balign 2
  39                             	_HardwareVectors:
  40 0000 00 00                   		.short	%code(_PowerON_Reset)
  41 0002 FF FF                   		.short	-1
  42                             		.global	_Vectors
  43                             		.section	.vects,"aw",@progbits
  44                             		.balign 2
  47                             	_Vectors:
  48 0000 00 00                   		.short	%code(_INT_WDTI)
  49 0002 00 00                   		.short	%code(_INT_LVI)
  50 0004 00 00                   		.short	%code(_INT_P0)
  51 0006 00 00                   		.short	%code(_INT_P1)
  52 0008 00 00                   		.short	%code(_INT_P2)
  53 000a 00 00                   		.short	%code(_INT_P3)
  54 000c 00 00                   		.short	%code(_INT_P4)
  55 000e 00 00                   		.short	%code(_INT_P5)
  56 0010 00 00                   		.short	%code(_INT_ST2)
  57 0012 00 00                   		.short	%code(_INT_SR2)
  58 0014 00 00                   		.short	%code(_INT_SRE2)
  59 0016 00 00                   		.short	%code(_INT_DMA0)
  60 0018 00 00                   		.short	%code(_INT_DMA1)
  61 001a 00 00                   		.short	%code(_INT_ST0)
  62 001c 00 00                   		.short	%code(_INT_SR0)
  63 001e 00 00                   		.short	%code(_INT_TM01H)
  64 0020 00 00                   		.short	%code(_INT_ST1)
  65 0022 00 00                   		.short	%code(_INT_SR1)
  66 0024 00 00                   		.short	%code(_INT_TM03H)
  67 0026 00 00                   		.short	%code(_INT_IICA0)
  68 0028 00 00                   		.short	%code(_INT_TM00)
  69 002a 00 00                   		.short	%code(_INT_TM01)
  70 002c 00 00                   		.short	%code(_INT_TM02)
  71 002e 00 00                   		.short	%code(_INT_TM03)
  72 0030 00 00                   		.short	%code(_INT_AD)
  73 0032 00 00                   		.short	%code(_INT_RTC)
  74 0034 00 00                   		.short	%code(_INT_IT)
  75 0036 00 00                   		.short	%code(_INT_KR)
  76 0038 FF FF                   		.short	-1
  77 003a FF FF                   		.short	-1
  78 003c FF FF                   		.short	-1
  79 003e 00 00                   		.short	%code(_INT_TM04)
  80 0040 00 00                   		.short	%code(_INT_TM05)
  81 0042 00 00                   		.short	%code(_INT_TM06)
  82 0044 00 00                   		.short	%code(_INT_TM07)
  83 0046 00 00                   		.short	%code(_INT_P6)
  84 0048 00 00                   		.short	%code(_INT_P7)
  85 004a 00 00                   		.short	%code(_INT_P8)
  86 004c 00 00                   		.short	%code(_INT_P9)
  87 004e 00 00                   		.short	%code(_INT_P10)
  88 0050 00 00                   		.short	%code(_INT_P11)
  89 0052 FF FF                   		.short	-1
  90 0054 FF FF                   		.short	-1
  91 0056 FF FF                   		.short	-1
  92 0058 FF FF                   		.short	-1
  93 005a 00 00                   		.short	%code(_INT_MD)
  94 005c FF FF                   		.short	-1
  95 005e 00 00                   		.short	%code(_INT_FL)
  96 0060 FF FF                   		.short	-1
  97 0062 FF FF                   		.short	-1
  98 0064 FF FF                   		.short	-1
  99 0066 FF FF                   		.short	-1
 100 0068 FF FF                   		.short	-1
 101 006a FF FF                   		.short	-1
 102 006c FF FF                   		.short	-1
 103 006e FF FF                   		.short	-1
 104 0070 FF FF                   		.short	-1
 105 0072 FF FF                   		.short	-1
 106 0074 FF FF                   		.short	-1
 107 0076 FF FF                   		.short	-1
 108 0078 FF FF                   		.short	-1
 109 007a 00 00                   		.short	%code(_INT_BRK_I)
 110                             	.text
 111                             	.Letext0:
 112                             		.file 1 "../core/vects.c"
